| Test.py:3:1:3:27 | AssignStmt | FTP-related functions are being called. FTP is considered insecure. Use SSH/SFTP/SCP or some other encrypted protocol. |
