| Test.py:1:1:1:22 | Import | A telnet or FTP related module is being imported. Telnet is considered insecure. Use SSH or some other encrypted protocol. |
