| Test.py:23:1:23:18 | AssignStmt | Possible hardcoded password. |
| Test.py:26:1:26:25 | AssignStmt | Possible hardcoded password. |
| Test.py:28:1:28:52 | AssignStmt | Possible hardcoded password. |
| Test.py:29:1:29:17 | AssignStmt | Possible hardcoded password. |
