| Test.py:5:8:5:25 | Compare | Possible hardcoded password |
| Test.py:9:8:9:21 | Compare | Possible hardcoded password |
| Test.py:13:8:13:43 | Compare | Possible hardcoded password |
