| Test.py:10:1:10:19 | Attribute() |  A Flask app appears to be run with debug=True |
