| Test.py:3:1:3:33 | pop() | Starting a process with a partial executable path |
| Test.py:5:1:5:21 | pop() | Starting a process with a partial executable path |
| Test.py:7:1:7:30 | pop() | Starting a process with a partial executable path |
| Test.py:8:1:8:35 | pop() | Starting a process with a partial executable path |
