| Test.py:4:1:4:17 | Import | Consider possible security implications associated with subprocess module. |
