| Test.py:42:1:42:38 | Attribute() | subprocess call - check for execution of untrusted input. |
| Test.py:43:1:43:39 | Attribute() | subprocess call - check for execution of untrusted input. |
| Test.py:44:1:44:38 | Attribute() | subprocess call - check for execution of untrusted input. |
| Test.py:45:1:45:33 | Attribute() | subprocess call - check for execution of untrusted input. |
| Test.py:47:1:47:39 | Attribute() | subprocess call - check for execution of untrusted input. |
| Test.py:48:1:48:38 | Attribute() | subprocess call - check for execution of untrusted input. |
| Test.py:49:1:49:46 | Attribute() | subprocess call - check for execution of untrusted input. |
| Test.py:50:1:50:39 | Attribute() | subprocess call - check for execution of untrusted input. |
| Test.py:52:1:52:37 | Attribute() | subprocess call - check for execution of untrusted input. |
| Test.py:53:1:53:33 | Attribute() | subprocess call - check for execution of untrusted input. |
| Test.py:54:1:54:34 | Attribute() | subprocess call - check for execution of untrusted input. |
| Test.py:55:1:55:34 | Attribute() | subprocess call - check for execution of untrusted input. |
| Test.py:56:1:56:36 | Attribute() | subprocess call - check for execution of untrusted input. |
