| Test.py:6:14:6:37 | __import__() | Consider possible security implications associated with subprocess module |
| Test.py:19:5:19:38 | Attribute() | Consider possible security implications associated with subprocess module |
