| Test.py:7:1:7:11 | mktemp() | Use of insecure and deprecated function (mktemp). |
| Test.py:8:1:8:22 | Attribute() | Use of insecure and deprecated function (mktemp). |
| Test.py:10:1:10:15 | Attribute() | Use of insecure and deprecated function (mktemp). |
