| Test.py:3:1:3:26 | Attribute() | Starting a process without a shell. |
| Test.py:4:1:4:32 | Attribute() | Starting a process without a shell. |
| Test.py:5:1:5:27 | Attribute() | Starting a process without a shell. |
| Test.py:6:1:6:33 | Attribute() | Starting a process without a shell. |
| Test.py:7:1:7:20 | Attribute() | Starting a process without a shell. |
| Test.py:8:1:8:26 | Attribute() | Starting a process without a shell. |
| Test.py:9:1:9:21 | Attribute() | Starting a process without a shell. |
| Test.py:10:1:10:27 | Attribute() | Starting a process without a shell. |
