| Test.py:2:1:2:13 | Import | Consider possible security implications associated with pickle module. |
