| Test.py:4:9:4:24 | Taint sink | Possible binding to all interfaces |
