| Test.py:1:27:1:47 | ImportMember | The pyCrypto library and its module ARC2,ARC4,Blowfish,DES,XOR,SHA,MD2,MD4,MD5,Random,Counter are no longer actively maintained and have been deprecated. Consider using pyca/cryptography library. |
| Test.py:2:27:2:47 | ImportMember | The pyCrypto library and its module ARC2,ARC4,Blowfish,DES,XOR,SHA,MD2,MD4,MD5,Random,Counter are no longer actively maintained and have been deprecated. Consider using pyca/cryptography library. |
| Test.py:3:27:3:55 | ImportMember | The pyCrypto library and its module ARC2,ARC4,Blowfish,DES,XOR,SHA,MD2,MD4,MD5,Random,Counter are no longer actively maintained and have been deprecated. Consider using pyca/cryptography library. |
| Test.py:4:27:4:45 | ImportMember | The pyCrypto library and its module ARC2,ARC4,Blowfish,DES,XOR,SHA,MD2,MD4,MD5,Random,Counter are no longer actively maintained and have been deprecated. Consider using pyca/cryptography library. |
| Test.py:5:27:5:45 | ImportMember | The pyCrypto library and its module ARC2,ARC4,Blowfish,DES,XOR,SHA,MD2,MD4,MD5,Random,Counter are no longer actively maintained and have been deprecated. Consider using pyca/cryptography library. |
| Test.py:11:25:11:27 | ImportMember | The pyCrypto library and its module ARC2,ARC4,Blowfish,DES,XOR,SHA,MD2,MD4,MD5,Random,Counter are no longer actively maintained and have been deprecated. Consider using pyca/cryptography library. |
| Test.py:12:20:12:25 | ImportMember | The pyCrypto library and its module ARC2,ARC4,Blowfish,DES,XOR,SHA,MD2,MD4,MD5,Random,Counter are no longer actively maintained and have been deprecated. Consider using pyca/cryptography library. |
| Test.py:13:25:13:31 | ImportMember | The pyCrypto library and its module ARC2,ARC4,Blowfish,DES,XOR,SHA,MD2,MD4,MD5,Random,Counter are no longer actively maintained and have been deprecated. Consider using pyca/cryptography library. |