| Test.py:1:1:1:11 | Assert | Use of assert detected. The enclosed code will be removed when compiling to optimised byte code. |