| Test.py:7:11:7:40 | Attribute | Unverified context |
