| Test.py:5:26:5:43 | Attribute | Consider possible security implications associated with twisted.web.twcgi.CGIDirectory module. |
