| Test.py:22:1:22:25 | doLogin() | Possible hardcoded password. |
