| Test.py:2:6:2:23 | ImportExpr | Using xmlrpclib to parse untrusted XML data is known to be vulnerable to XML attacks. |
