| Test.py:1:1:1:28 | Import | Consider possible security implications associated with Popen module. |
| Test.py:7:1:7:30 | Import | Consider possible security implications associated with Popen module. |
