| Test.py:1:8:1:11 | ImportExpr | Consider possible security implications associated with dill module. |
